#-----------------------------------------------------------
# Vivado v2025.1 (64-bit)
# SW Build 6140274 on Thu May 22 00:12:29 MDT 2025
# IP Build 6138677 on Thu May 22 03:10:11 MDT 2025
# SharedData Build 6139179 on Tue May 20 17:58:58 MDT 2025
# Start of session at: Mon Dec  1 13:55:37 2025
# Process ID         : 23256
# Current directory  : C:/Users/fsb21125/Documents/FSO_obj_detection
# Command line       : vivado.exe -mode tcl -source loadDevices.tcl
# Log file           : C:/Users/fsb21125/Documents/FSO_obj_detection/vivado.log
# Journal file       : C:/Users/fsb21125/Documents/FSO_obj_detection\vivado.jou
# Running On         : EEE-R446-28
# Platform           : Windows Server 2016 or Windows 10
# Operating System   : 26100
# Processor Detail   : 13th Gen Intel(R) Core(TM) i5-13500
# CPU Frequency      : 2496 MHz
# CPU Physical cores : 14
# CPU Logical cores  : 20
# Host memory        : 16833 MB
# Swap memory        : 3930 MB
# Total Virtual      : 20763 MB
# Available Virtual  : 1377 MB
#-----------------------------------------------------------
source loadDevices.tcl
